###############################################################################
#
# IAR ELF Linker V7.70.2.11706/W32 for ARM                21/Dec/2016  12:09:16
# Copyright 2007-2016 IAR Systems AB.
#
#    Output file  =  
#        C:\Users\roberto
#        pieruci\Documents\Projects\ALRONBTIS\DTMF\STM32F030F4\EWARM\DTMF\Exe\DTMF.out
#    Map file     =  
#        C:\Users\roberto
#        pieruci\Documents\Projects\ALRONBTIS\DTMF\STM32F030F4\EWARM\DTMF\List\DTMF.map
#    Command line =  
#        "C:\Users\roberto
#        pieruci\Documents\Projects\ALRONBTIS\DTMF\STM32F030F4\EWARM\DTMF\Obj\adc.o"
#        "C:\Users\roberto
#        pieruci\Documents\Projects\ALRONBTIS\DTMF\STM32F030F4\EWARM\DTMF\Obj\dma.o"
#        "C:\Users\roberto
#        pieruci\Documents\Projects\ALRONBTIS\DTMF\STM32F030F4\EWARM\DTMF\Obj\fft.o"
#        "C:\Users\roberto
#        pieruci\Documents\Projects\ALRONBTIS\DTMF\STM32F030F4\EWARM\DTMF\Obj\gpio.o"
#        "C:\Users\roberto
#        pieruci\Documents\Projects\ALRONBTIS\DTMF\STM32F030F4\EWARM\DTMF\Obj\interrupt.o"
#        "C:\Users\roberto
#        pieruci\Documents\Projects\ALRONBTIS\DTMF\STM32F030F4\EWARM\DTMF\Obj\iwdg.o"
#        "C:\Users\roberto
#        pieruci\Documents\Projects\ALRONBTIS\DTMF\STM32F030F4\EWARM\DTMF\Obj\main.o"
#        "C:\Users\roberto
#        pieruci\Documents\Projects\ALRONBTIS\DTMF\STM32F030F4\EWARM\DTMF\Obj\main2.o"
#        "C:\Users\roberto
#        pieruci\Documents\Projects\ALRONBTIS\DTMF\STM32F030F4\EWARM\DTMF\Obj\startup_stm32f030x6.o"
#        "C:\Users\roberto
#        pieruci\Documents\Projects\ALRONBTIS\DTMF\STM32F030F4\EWARM\DTMF\Obj\stm32f0xx_hal.o"
#        "C:\Users\roberto
#        pieruci\Documents\Projects\ALRONBTIS\DTMF\STM32F030F4\EWARM\DTMF\Obj\stm32f0xx_hal_adc.o"
#        "C:\Users\roberto
#        pieruci\Documents\Projects\ALRONBTIS\DTMF\STM32F030F4\EWARM\DTMF\Obj\stm32f0xx_hal_adc_ex.o"
#        "C:\Users\roberto
#        pieruci\Documents\Projects\ALRONBTIS\DTMF\STM32F030F4\EWARM\DTMF\Obj\stm32f0xx_hal_cortex.o"
#        "C:\Users\roberto
#        pieruci\Documents\Projects\ALRONBTIS\DTMF\STM32F030F4\EWARM\DTMF\Obj\stm32f0xx_hal_dma.o"
#        "C:\Users\roberto
#        pieruci\Documents\Projects\ALRONBTIS\DTMF\STM32F030F4\EWARM\DTMF\Obj\stm32f0xx_hal_flash.o"
#        "C:\Users\roberto
#        pieruci\Documents\Projects\ALRONBTIS\DTMF\STM32F030F4\EWARM\DTMF\Obj\stm32f0xx_hal_flash_ex.o"
#        "C:\Users\roberto
#        pieruci\Documents\Projects\ALRONBTIS\DTMF\STM32F030F4\EWARM\DTMF\Obj\stm32f0xx_hal_gpio.o"
#        "C:\Users\roberto
#        pieruci\Documents\Projects\ALRONBTIS\DTMF\STM32F030F4\EWARM\DTMF\Obj\stm32f0xx_hal_i2c.o"
#        "C:\Users\roberto
#        pieruci\Documents\Projects\ALRONBTIS\DTMF\STM32F030F4\EWARM\DTMF\Obj\stm32f0xx_hal_i2c_ex.o"
#        "C:\Users\roberto
#        pieruci\Documents\Projects\ALRONBTIS\DTMF\STM32F030F4\EWARM\DTMF\Obj\stm32f0xx_hal_iwdg.o"
#        "C:\Users\roberto
#        pieruci\Documents\Projects\ALRONBTIS\DTMF\STM32F030F4\EWARM\DTMF\Obj\stm32f0xx_hal_msp.o"
#        "C:\Users\roberto
#        pieruci\Documents\Projects\ALRONBTIS\DTMF\STM32F030F4\EWARM\DTMF\Obj\stm32f0xx_hal_pwr.o"
#        "C:\Users\roberto
#        pieruci\Documents\Projects\ALRONBTIS\DTMF\STM32F030F4\EWARM\DTMF\Obj\stm32f0xx_hal_pwr_ex.o"
#        "C:\Users\roberto
#        pieruci\Documents\Projects\ALRONBTIS\DTMF\STM32F030F4\EWARM\DTMF\Obj\stm32f0xx_hal_rcc.o"
#        "C:\Users\roberto
#        pieruci\Documents\Projects\ALRONBTIS\DTMF\STM32F030F4\EWARM\DTMF\Obj\stm32f0xx_hal_rcc_ex.o"
#        "C:\Users\roberto
#        pieruci\Documents\Projects\ALRONBTIS\DTMF\STM32F030F4\EWARM\DTMF\Obj\stm32f0xx_hal_tim.o"
#        "C:\Users\roberto
#        pieruci\Documents\Projects\ALRONBTIS\DTMF\STM32F030F4\EWARM\DTMF\Obj\stm32f0xx_hal_tim_ex.o"
#        "C:\Users\roberto
#        pieruci\Documents\Projects\ALRONBTIS\DTMF\STM32F030F4\EWARM\DTMF\Obj\stm32f0xx_it.o"
#        "C:\Users\roberto
#        pieruci\Documents\Projects\ALRONBTIS\DTMF\STM32F030F4\EWARM\DTMF\Obj\system_stm32f0xx.o"
#        "C:\Users\roberto
#        pieruci\Documents\Projects\ALRONBTIS\DTMF\STM32F030F4\EWARM\DTMF\Obj\tim.o"
#        --redirect _Printf=_PrintfFull --redirect _Scanf=_ScanfFull -o
#        "C:\Users\roberto
#        pieruci\Documents\Projects\ALRONBTIS\DTMF\STM32F030F4\EWARM\DTMF\Exe\DTMF.out"
#        --map "C:\Users\roberto
#        pieruci\Documents\Projects\ALRONBTIS\DTMF\STM32F030F4\EWARM\DTMF\List\DTMF.map"
#        --config "C:\Users\roberto
#        pieruci\Documents\Projects\ALRONBTIS\DTMF\STM32F030F4\EWARM/stm32f030x6_flash.icf"
#        --semihosting --entry __iar_program_start "C:\Program Files (x86)\IAR
#        Systems\Embedded Workbench 7.5\arm\CMSIS\Lib\IAR\iar_cortexM0l_math.a"
#        --vfe
#
###############################################################################

*******************************************************************************
*** RUNTIME MODEL ATTRIBUTES
***

CppFlavor       = *
__SystemLibrary = DLib


*******************************************************************************
*** PLACEMENT SUMMARY
***

"A0":  place at 0x08000000 { ro section .intvec };
"P1":  place in [from 0x08000000 to 0x08007fff] { ro };
"P2":  place in [from 0x20000000 to 0x20000fff] { rw, block CSTACK, block HEAP };
initialize by copy { rw };

  Section            Kind        Address    Size  Object
  -------            ----        -------    ----  ------
"A0":                                       0xb0
  .intvec            ro code  0x08000000    0xb0  startup_stm32f030x6.o [1]
                            - 0x080000b0    0xb0

"P1":                                     0x5d64
  .rodata            const    0x080000b0  0x25f0  arm_common_tables.o [4]
  .text              ro code  0x080026a0  0x114c  arm_cfft_radix4_q15.o [4]
  .text              ro code  0x080037ec   0x542  stm32f0xx_hal_tim.o [1]
  .text              ro code  0x08003d2e     0x2  startup_stm32f030x6.o [1]
  .text              ro code  0x08003d30   0x1ec  tim.o [1]
  .text              ro code  0x08003f1c     0x2  stm32f0xx_hal_tim.o [1]
  .text              ro code  0x08003f1e     0x2  startup_stm32f030x6.o [1]
  .text              ro code  0x08003f20   0x122  main.o [1]
  .text              ro code  0x08004042     0x2  startup_stm32f030x6.o [1]
  .text              ro code  0x08004044    0xc0  stm32f0xx_hal_tim_ex.o [1]
  .text              ro code  0x08004104   0x1bc  stm32f0xx_hal_gpio.o [1]
  .text              ro code  0x080042c0    0x20  stm32f0xx_hal.o [1]
  .text              ro code  0x080042e0    0x44  gpio.o [1]
  .text              ro code  0x08004324    0x50  dma.o [1]
  .text              ro code  0x08004374    0xe8  adc.o [1]
  .text              ro code  0x0800445c    0x9c  stm32f0xx_hal_cortex.o [1]
  .text              ro code  0x080044f8   0x130  main2.o [1]
  .text              ro code  0x08004628    0x98  stm32f0xx_hal_adc_ex.o [1]
  .text              ro code  0x080046c0   0x448  stm32f0xx_hal_adc.o [1]
  .text              ro code  0x08004b08   0x534  stm32f0xx_hal_rcc.o [1]
  .text              ro code  0x0800503c    0xae  I32DivModFast.o [6]
  .text              ro code  0x080050ea    0x24  stm32f0xx_hal.o [1]
  .text              ro code  0x0800510e     0x2  startup_stm32f030x6.o [1]
  .text              ro code  0x08005110    0x60  stm32f0xx_hal_msp.o [1]
  .text              ro code  0x08005170   0x118  stm32f0xx_hal_dma.o [1]
  .text              ro code  0x08005288    0xa0  fft.o [1]
  .text              ro code  0x08005328    0x34  ABImemset.o [6]
  .text              ro code  0x0800535c     0xc  stm32f0xx_hal.o [1]
  .text              ro code  0x08005368     0x2  stm32f0xx_hal_adc.o [1]
  .text              ro code  0x0800536a     0x2  stm32f0xx_hal_adc.o [1]
  .text              ro code  0x0800536c     0x2  stm32f0xx_hal_adc.o [1]
  .text              ro code  0x0800536e     0x2  startup_stm32f030x6.o [1]
  .text              ro code  0x08005370    0x34  ABImemcpy.o [6]
  .text              ro code  0x080053a4     0x2  IntDivZer.o [6]
  .text              ro code  0x080053a6   0x2e0  arm_cfft_q15.o [4]
  .text              ro code  0x08005686    0x48  arm_cmplx_mag_q15.o [4]
  .text              ro code  0x080056ce    0x80  arm_max_q15.o [4]
  .text              ro code  0x0800574e     0x2  startup_stm32f030x6.o [1]
  .text              ro code  0x08005750    0x50  arm_bitreversal2.o [4]
  .text              ro code  0x080057a0    0xfc  arm_sqrt_q15.o [4]
  .text              ro code  0x0800589c    0x32  I32ToFlt.o [5]
  .text              ro code  0x080058ce    0xb0  FltMul.o [5]
  .text              ro code  0x0800597e     0x2  startup_stm32f030x6.o [1]
  .text              ro code  0x08005980    0x3a  FltToS32.o [5]
  .text              ro code  0x080059ba     0x2  startup_stm32f030x6.o [1]
  .text              ro code  0x080059bc   0x166  stm32f0xx_hal_flash.o [1]
  .text              ro code  0x08005b22     0x2  stm32f0xx_hal_flash.o [1]
  .text              ro code  0x08005b24    0x24  stm32f0xx_hal_flash_ex.o [1]
  .text              ro code  0x08005b48    0x70  system_stm32f0xx.o [1]
  .text              ro code  0x08005bb8    0x54  stm32f0xx_it.o [1]
  .text              ro code  0x08005c0c    0x10  stm32f0xx_hal.o [1]
  .text              ro code  0x08005c1c    0x50  interrupt.o [1]
  .rodata            const    0x08005c6c    0x50  arm_const_structs.o [4]
  .text              ro code  0x08005cbc    0x3c  zero_init3.o [6]
  .text              ro code  0x08005cf8    0x3c  packbits_init_single.o [6]
  .text              ro code  0x08005d34    0x28  data_init.o [6]
  .iar.init_table    const    0x08005d5c    0x20  - Linker created -
  .text              ro code  0x08005d7c    0x1a  cmain.o [6]
  .text              ro code  0x08005d96     0x4  low_level_init.o [3]
  .text              ro code  0x08005d9a     0x8  exit.o [3]
  .text              ro code  0x08005da2     0x2  startup_stm32f030x6.o [1]
  .text              ro code  0x08005da4     0xa  cexit.o [6]
  .text              ro code  0x08005dae     0x2  startup_stm32f030x6.o [1]
  .text              ro code  0x08005db0    0x14  exit.o [7]
  .text              ro code  0x08005dc4    0x10  startup_stm32f030x6.o [1]
  .text              ro code  0x08005dd4     0xc  cstartup_M.o [6]
  .text              ro code  0x08005de0     0x2  startup_stm32f030x6.o [1]
  .text              ro code  0x08005de2     0x2  startup_stm32f030x6.o [1]
  .text              ro code  0x08005de4     0x2  startup_stm32f030x6.o [1]
  .text              ro code  0x08005de6     0x2  startup_stm32f030x6.o [1]
  .text              ro code  0x08005de8     0x2  startup_stm32f030x6.o [1]
  .text              ro code  0x08005dea     0x2  startup_stm32f030x6.o [1]
  .text              ro code  0x08005dec     0x2  startup_stm32f030x6.o [1]
  .rodata            const    0x08005dee     0x0  zero_init3.o [6]
  .rodata            const    0x08005dee     0x0  packbits_init_single.o [6]
  Initializer bytes  const    0x08005dee    0x26  <for P2-1>
                            - 0x08005e14  0x5d64

"P2", part 1 of 3:                         0x618
  P2-1                        0x20000000   0x618  <Init block>
    .data            inited   0x20000000   0x610  fft.o [1]
    .data            inited   0x20000610     0x4  stm32f0xx_it.o [1]
    .data            inited   0x20000614     0x4  system_stm32f0xx.o [1]
                            - 0x20000618   0x618

"P2", part 2 of 3:                         0x400
  CSTACK                      0x20000618   0x400  <Block>
    CSTACK           uninit   0x20000618   0x400  <Block tail>
                            - 0x20000a18   0x400

"P2", part 3 of 3:                         0x3e0
  .bss               zero     0x20000a18   0x200  main2.o [1]
  .bss               zero     0x20000c18    0x4c  adc.o [1]
  .bss               zero     0x20000c64    0x44  adc.o [1]
  .bss               zero     0x20000ca8    0x44  dma.o [1]
  .bss               zero     0x20000cec    0x40  tim.o [1]
  .bss               zero     0x20000d2c    0x40  tim.o [1]
  .bss               zero     0x20000d6c    0x40  tim.o [1]
  .bss               zero     0x20000dac     0x4  main2.o [1]
  .bss               zero     0x20000db0    0x20  stm32f0xx_hal_flash.o [1]
  .bss               zero     0x20000dd0    0x18  main2.o [1]
  .bss               zero     0x20000de8     0x8  main2.o [1]
  .bss               zero     0x20000df0     0x4  stm32f0xx_hal.o [1]
  .bss               zero     0x20000df4     0x2  main2.o [1]
                            - 0x20000df6   0x3de


*******************************************************************************
*** INIT TABLE
***

          Address     Size
          -------     ----
Zero (__iar_zero_init3)
    1 destination range, total size 0x3de:
          0x20000a18  0x3de

Copy/packbits (__iar_packbits_init_single3)
    1 source range, total size 0x26 (2% of destination):
          0x08005dee   0x26
    1 destination range, total size 0x618:
          0x20000000  0x618



*******************************************************************************
*** MODULE SUMMARY
***

    Module                    ro code  ro data  rw data
    ------                    -------  -------  -------
C:\Users\roberto pieruci\Documents\Projects\ALRONBTIS\DTMF\STM32F030F4\EWARM\DTMF\Obj: [1]
    adc.o                         232               144
    dma.o                          80                68
    fft.o                         160       37    1 552
    gpio.o                         68
    interrupt.o                    80
    main.o                        290
    main2.o                       304               550
    startup_stm32f030x6.o         226
    stm32f0xx_hal.o                96                 4
    stm32f0xx_hal_adc.o         1 102
    stm32f0xx_hal_adc_ex.o        152
    stm32f0xx_hal_cortex.o        156
    stm32f0xx_hal_dma.o           280
    stm32f0xx_hal_flash.o         360                32
    stm32f0xx_hal_flash_ex.o       36
    stm32f0xx_hal_gpio.o          444
    stm32f0xx_hal_msp.o            96
    stm32f0xx_hal_rcc.o         1 332
    stm32f0xx_hal_tim.o         1 348
    stm32f0xx_hal_tim_ex.o        192
    stm32f0xx_it.o                 84                 4
    system_stm32f0xx.o            112        1        4
    tim.o                         492               192
    ---------------------------------------------------
    Total:                      7 722       38    2 550

command line: [2]
    ---------------------------------------------------
    Total:

dl6M_tlf.a: [3]
    exit.o                          8
    low_level_init.o                4
    ---------------------------------------------------
    Total:                         12

iar_cortexM0l_math.a: [4]
    arm_bitreversal2.o             80
    arm_cfft_q15.o                736
    arm_cfft_radix4_q15.o       4 428
    arm_cmplx_mag_q15.o            72
    arm_common_tables.o                  9 712
    arm_const_structs.o                     80
    arm_max_q15.o                 128
    arm_sqrt_q15.o                252
    ---------------------------------------------------
    Total:                      5 696    9 792

m6M_tl.a: [5]
    FltMul.o                      176
    FltToS32.o                     58
    I32ToFlt.o                     50
    ---------------------------------------------------
    Total:                        284

rt6M_tl.a: [6]
    ABImemcpy.o                    52
    ABImemset.o                    52
    I32DivModFast.o               174
    IntDivZer.o                     2
    cexit.o                        10
    cmain.o                        26
    cstartup_M.o                   12
    data_init.o                    40
    packbits_init_single.o         60
    zero_init3.o                   60
    ---------------------------------------------------
    Total:                        488

shb_l.a: [7]
    exit.o                         20
    ---------------------------------------------------
    Total:                         20

    Linker created                          32    1 024
-------------------------------------------------------
    Grand Total:               14 222    9 862    3 574


*******************************************************************************
*** ENTRY LIST
***

Entry                      Address   Size  Type      Object
-----                      -------   ----  ----      ------
.iar.init_table$$Base   0x08005d5c          --   Gb  - Linker created -
.iar.init_table$$Limit  0x08005d7c          --   Gb  - Linker created -
?main                   0x08005d7d         Code  Gb  cmain.o [6]
ADC_Buffer              0x20000dac    0x4  Data  Gb  main2.o [1]
ADC_ConvCpltCallback    0x08005c1d    0x8  Code  Gb  interrupt.o [1]
ADC_DMAConvCplt         0x08004a65   0x68  Code  Lc  stm32f0xx_hal_adc.o [1]
ADC_DMAError            0x08004aef   0x1a  Code  Lc  stm32f0xx_hal_adc.o [1]
ADC_DMAHalfConvCplt     0x08004ae5    0xa  Code  Lc  stm32f0xx_hal_adc.o [1]
ADC_Enable              0x080049e1   0x68  Code  Lc  stm32f0xx_hal_adc.o [1]
AHBPrescTable           0x08005ba8   0x10  Data  Gb  system_stm32f0xx.o [1]
CSTACK$$Base            0x20000618          --   Gb  - Linker created -
CSTACK$$Limit           0x20000a18          --   Gb  - Linker created -
Capture_DTMF_Samples    0x08005c25   0x34  Code  Gb  interrupt.o [1]
Clear_DTMF_Buffer       0x080045fd   0x16  Code  Gb  main2.o [1]
DMA1_Channel1_IRQHandler
                        0x08005be7   0x1a  Code  Gb  stm32f0xx_it.o [1]
DMA_CalcBaseAndBitshift
                        0x08005267   0x1a  Code  Lc  stm32f0xx_hal_dma.o [1]
DMA_Disable_HalfTransfer_IT
                        0x080044f9   0x14  Code  Gb  main2.o [1]
DMA_SetConfig           0x08005245   0x22  Code  Lc  stm32f0xx_hal_dma.o [1]
DTMF_Buffer             0x20000a18  0x200  Data  Gb  main2.o [1]
DTMF_Buffer_Full        0x20000de8    0x1  Data  Gb  main2.o [1]
DTMF_Buffer_Index       0x20000dec    0x4  Data  Gb  main2.o [1]
DTMF_Buffer_Released    0x20000de9    0x1  Data  Gb  main2.o [1]
DTMF_Receiver           0x0800451b   0x18  Code  Gb  main2.o [1]
Enable_Main_Loop        0x20000df4    0x2  Data  Gb  main2.o [1]
Error_Handler           0x08004041    0x2  Code  Gb  main.o [1]
FFT_Processing_Q15      0x08005289   0xa0  Code  Gb  fft.o [1]
FFT_Result              0x20000dd0   0x18  Data  Gb  main2.o [1]
FLASH_IRQHandler        0x08005bdd    0x8  Code  Gb  stm32f0xx_it.o [1]
FLASH_PageErase         0x08005b25   0x1c  Code  Gb  stm32f0xx_hal_flash_ex.o [1]
FLASH_Program_HalfWord  0x08005ac1   0x16  Code  Lc  stm32f0xx_hal_flash.o [1]
FLASH_SetErrorCode      0x08005add   0x34  Code  Lc  stm32f0xx_hal_flash.o [1]
Get_DTMF_From_FFT       0x08004533   0xca  Code  Gb  main2.o [1]
HAL_ADCEx_Calibration_Start
                        0x08004629   0x98  Code  Gb  stm32f0xx_hal_adc_ex.o [1]
HAL_ADC_ConfigChannel   0x080048d9   0xf8  Code  Gb  stm32f0xx_hal_adc.o [1]
HAL_ADC_ConvCpltCallback
                        0x08005369    0x2  Code  Wk  stm32f0xx_hal_adc.o [1]
HAL_ADC_ConvHalfCpltCallback
                        0x0800536b    0x2  Code  Wk  stm32f0xx_hal_adc.o [1]
HAL_ADC_ErrorCallback   0x0800536d    0x2  Code  Wk  stm32f0xx_hal_adc.o [1]
HAL_ADC_Init            0x080046c1  0x16a  Code  Gb  stm32f0xx_hal_adc.o [1]
HAL_ADC_MspInit         0x080043df   0x6a  Code  Gb  adc.o [1]
HAL_ADC_Start_DMA       0x08004839   0x9a  Code  Gb  stm32f0xx_hal_adc.o [1]
HAL_DMA_Init            0x08005171   0x5a  Code  Gb  stm32f0xx_hal_dma.o [1]
HAL_DMA_Start_IT        0x080051d1   0x74  Code  Gb  stm32f0xx_hal_dma.o [1]
HAL_FLASH_EndOfOperationCallback
                        0x08005b21    0x2  Code  Wk  stm32f0xx_hal_flash.o [1]
HAL_FLASH_IRQHandler    0x080059bd  0x104  Code  Gb  stm32f0xx_hal_flash.o [1]
HAL_FLASH_OperationErrorCallback
                        0x08005b23    0x2  Code  Wk  stm32f0xx_hal_flash.o [1]
HAL_GPIO_Init           0x08004105  0x18e  Code  Gb  stm32f0xx_hal_gpio.o [1]
HAL_GPIO_TogglePin      0x0800429f    0x8  Code  Gb  stm32f0xx_hal_gpio.o [1]
HAL_GPIO_WritePin       0x08004293    0xc  Code  Gb  stm32f0xx_hal_gpio.o [1]
HAL_GetTick             0x0800535d    0xc  Code  Wk  stm32f0xx_hal.o [1]
HAL_IncTick             0x08005c0d   0x10  Code  Wk  stm32f0xx_hal.o [1]
HAL_Init                0x080042c1   0x1a  Code  Gb  stm32f0xx_hal.o [1]
HAL_InitTick            0x080050eb   0x24  Code  Wk  stm32f0xx_hal.o [1]
HAL_MspInit             0x08005111   0x60  Code  Gb  stm32f0xx_hal_msp.o [1]
HAL_NVIC_EnableIRQ      0x08004499    0xe  Code  Gb  stm32f0xx_hal_cortex.o [1]
HAL_NVIC_SetPriority    0x08004491    0x8  Code  Gb  stm32f0xx_hal_cortex.o [1]
HAL_RCC_ClockConfig     0x08004e69  0x126  Code  Gb  stm32f0xx_hal_rcc.o [1]
HAL_RCC_GetHCLKFreq     0x08004feb    0x6  Code  Gb  stm32f0xx_hal_rcc.o [1]
HAL_RCC_GetSysClockFreq
                        0x08004f99   0x52  Code  Gb  stm32f0xx_hal_rcc.o [1]
HAL_RCC_OscConfig       0x08004b09  0x35a  Code  Gb  stm32f0xx_hal_rcc.o [1]
HAL_SYSTICK_CLKSourceConfig
                        0x080044cf   0x18  Code  Gb  stm32f0xx_hal_cortex.o [1]
HAL_SYSTICK_Config      0x080044a7   0x28  Code  Gb  stm32f0xx_hal_cortex.o [1]
HAL_TIMEx_ConfigBreakDeadTime
                        0x08004089   0x74  Code  Gb  stm32f0xx_hal_tim_ex.o [1]
HAL_TIMEx_MasterConfigSynchronization
                        0x08004045   0x42  Code  Gb  stm32f0xx_hal_tim_ex.o [1]
HAL_TIM_Base_Init       0x080037ed   0x1e  Code  Gb  stm32f0xx_hal_tim.o [1]
HAL_TIM_Base_MspInit    0x08003e6d   0x3e  Code  Gb  tim.o [1]
HAL_TIM_Base_Start      0x0800380b   0x18  Code  Gb  stm32f0xx_hal_tim.o [1]
HAL_TIM_ConfigClockSource
                        0x080039ad   0xcc  Code  Gb  stm32f0xx_hal_tim.o [1]
HAL_TIM_MspPostInit     0x08003eab   0x40  Code  Gb  tim.o [1]
HAL_TIM_PWM_ConfigChannel
                        0x080038d1   0xd8  Code  Gb  stm32f0xx_hal_tim.o [1]
HAL_TIM_PWM_Init        0x08003837   0x1e  Code  Gb  stm32f0xx_hal_tim.o [1]
HAL_TIM_PWM_MspInit     0x08003f1d    0x2  Code  Wk  stm32f0xx_hal_tim.o [1]
HAL_TIM_PWM_Start       0x08003855    0x6  Code  Gb  stm32f0xx_hal_tim.o [1]
HardFault_Handler       0x08005bbb    0x2  Code  Gb  stm32f0xx_it.o [1]
MX_ADC_Init             0x08004375   0x6a  Code  Gb  adc.o [1]
MX_DMA_Init             0x08004325   0x50  Code  Gb  dma.o [1]
MX_GPIO_Init            0x080042e1   0x44  Code  Gb  gpio.o [1]
MX_TIM14_Init           0x08003d87   0x5e  Code  Gb  tim.o [1]
MX_TIM16_Init           0x08003de5   0x88  Code  Gb  tim.o [1]
MX_TIM3_Init            0x08003d31   0x56  Code  Gb  tim.o [1]
NMI_Handler             0x08005bb9    0x2  Code  Gb  stm32f0xx_it.o [1]
NVIC_SetPriority        0x0800445d   0x34  Code  Lc  stm32f0xx_hal_cortex.o [1]
PendSV_Handler          0x08005bbf    0x2  Code  Gb  stm32f0xx_it.o [1]
RCC_IRQHandler          0x08005be5    0x2  Code  Gb  stm32f0xx_it.o [1]
Region$$Table$$Base     0x08005d5c          --   Gb  - Linker created -
Region$$Table$$Limit    0x08005d7c          --   Gb  - Linker created -
SVC_Handler             0x08005bbd    0x2  Code  Gb  stm32f0xx_it.o [1]
SysTick_Handler         0x08005bc1   0x1c  Code  Gb  stm32f0xx_it.o [1]
SystemClock_Config      0x08003fd1   0x70  Code  Gb  main.o [1]
SystemCoreClock         0x20000614    0x4  Data  Gb  system_stm32f0xx.o [1]
SystemInit              0x08005b49   0x48  Code  Gb  system_stm32f0xx.o [1]
System_Vars_Initialization
                        0x0800450d    0xe  Code  Gb  main2.o [1]
TIM_Base_SetConfig      0x08003a83   0x64  Code  Gb  stm32f0xx_hal_tim.o [1]
TIM_CCxChannelCmd       0x08003d19   0x16  Code  Gb  stm32f0xx_hal_tim.o [1]
TIM_ETR_SetConfig       0x08003ccf   0x14  Code  Gb  stm32f0xx_hal_tim.o [1]
TIM_ITRx_SetConfig      0x08003cbf   0x10  Code  Lc  stm32f0xx_hal_tim.o [1]
TIM_OC1_SetConfig       0x08003aed   0x68  Code  Lc  stm32f0xx_hal_tim.o [1]
TIM_OC2_SetConfig       0x08003b55   0x62  Code  Gb  stm32f0xx_hal_tim.o [1]
TIM_OC3_SetConfig       0x08003bb9   0x5e  Code  Lc  stm32f0xx_hal_tim.o [1]
TIM_OC4_SetConfig       0x08003c17   0x4c  Code  Lc  stm32f0xx_hal_tim.o [1]
TIM_TI1_ConfigInputStage
                        0x08003c79   0x22  Code  Lc  stm32f0xx_hal_tim.o [1]
TIM_TI2_ConfigInputStage
                        0x08003c9b   0x24  Code  Lc  stm32f0xx_hal_tim.o [1]
Time_Divider            0x20000610    0x4  Data  Gb  stm32f0xx_it.o [1]
__ICFEDIT_region_RAM_end__ {Abs}
                        0x20000fff         Data  Gb  command line/config [2]
__ICFEDIT_region_RAM_start__ {Abs}
                        0x20000000         Data  Gb  command line/config [2]
__aeabi_f2iz            0x08005981         Code  Gb  FltToS32.o [5]
__aeabi_fmul            0x080058cf         Code  Gb  FltMul.o [5]
__aeabi_i2f             0x0800589d         Code  Gb  I32ToFlt.o [5]
__aeabi_idiv0           0x080053a5         Code  Gb  IntDivZer.o [6]
__aeabi_memclr4         0x08005359         Code  Gb  ABImemset.o [6]
__aeabi_memclr8         0x08005359         Code  Gb  ABImemset.o [6]
__aeabi_memcpy4         0x08005371         Code  Wk  ABImemcpy.o [6]
__aeabi_uidiv           0x0800503d         Code  Gb  I32DivModFast.o [6]
__aeabi_uidivmod        0x0800503d         Code  Gb  I32DivModFast.o [6]
__cmain                 0x08005d7d         Code  Gb  cmain.o [6]
__exit                  0x08005db1   0x14  Code  Gb  exit.o [7]
__iar_Memset4_word      0x08005329         Code  Gb  ABImemset.o [6]
__iar_data_init3        0x08005d35   0x28  Code  Gb  data_init.o [6]
__iar_packbits_init_single3
                        0x08005cf9   0x3c  Code  Gb  packbits_init_single.o [6]
__iar_program_start     0x08005dd5         Code  Gb  cstartup_M.o [6]
__iar_ui2f              0x080058b5         Code  Gb  I32ToFlt.o [5]
__iar_zero_init3        0x08005cbd   0x3c  Code  Gb  zero_init3.o [6]
__low_level_init        0x08005d97    0x4  Code  Gb  low_level_init.o [3]
__vector_table          0x08000000         Data  Gb  startup_stm32f030x6.o [1]
_call_main              0x08005d89         Code  Gb  cmain.o [6]
_exit                   0x08005da5         Code  Gb  cexit.o [6]
_main                   0x08005d93         Code  Gb  cmain.o [6]
armBitRevIndexTable_fixed_1024
                        0x08001ee0  0x7c0  Data  Gb  arm_common_tables.o [4]
armBitRevIndexTable_fixed_128
                        0x08001860   0xe0  Data  Gb  arm_common_tables.o [4]
armBitRevIndexTable_fixed_256
                        0x08001940  0x1e0  Data  Gb  arm_common_tables.o [4]
armBitRevIndexTable_fixed_512
                        0x08001b20  0x3c0  Data  Gb  arm_common_tables.o [4]
armBitRevIndexTable_fixed_64
                        0x080017f0   0x70  Data  Gb  arm_common_tables.o [4]
arm_bitreversal_16      0x0800577b         Code  Gb  arm_bitreversal2.o [4]
arm_bitreversal_32      0x08005751         Code  Gb  arm_bitreversal2.o [4]
arm_cfft_q15            0x080053a7   0xa8  Code  Gb  arm_cfft_q15.o [4]
arm_cfft_radix4by2_inverse_q15
                        0x0800556b  0x11c  Code  Gb  arm_cfft_q15.o [4]
arm_cfft_radix4by2_q15  0x0800544f  0x11c  Code  Gb  arm_cfft_q15.o [4]
arm_cfft_sR_q15_len1024
                        0x08005cac   0x10  Data  Gb  arm_const_structs.o [4]
arm_cfft_sR_q15_len128  0x08005c7c   0x10  Data  Gb  arm_const_structs.o [4]
arm_cfft_sR_q15_len256  0x08005c8c   0x10  Data  Gb  arm_const_structs.o [4]
arm_cfft_sR_q15_len512  0x08005c9c   0x10  Data  Gb  arm_const_structs.o [4]
arm_cfft_sR_q15_len64   0x08005c6c   0x10  Data  Gb  arm_const_structs.o [4]
arm_cmplx_mag_q15       0x08005687   0x48  Code  Gb  arm_cmplx_mag_q15.o [4]
arm_max_q15             0x080056cf   0x80  Code  Gb  arm_max_q15.o [4]
arm_radix4_butterfly_inverse_q15
                        0x08002f45  0x8a8  Code  Gb  arm_cfft_radix4_q15.o [4]
arm_radix4_butterfly_q15
                        0x080026a1  0x8a4  Code  Gb  arm_cfft_radix4_q15.o [4]
arm_sqrt_q15            0x080057a1   0xfc  Code  Gb  arm_sqrt_q15.o [4]
doBitReverse            0x20000404    0x4  Data  Gb  fft.o [1]
exit                    0x08005d9b    0x8  Code  Gb  exit.o [3]
fftIndex                0x20000408    0x4  Data  Gb  fft.o [1]
fftInputDraft           0x20000000  0x400  Data  Lc  fft.o [1]
fftOutputBuf            0x20000410  0x200  Data  Gb  fft.o [1]
hadc                    0x20000c18   0x4c  Data  Gb  adc.o [1]
hdma_adc                0x20000c64   0x44  Data  Gb  adc.o [1]
hdma_memtomem_dma1_channel4
                        0x20000ca8   0x44  Data  Gb  dma.o [1]
htim14                  0x20000d2c   0x40  Data  Gb  tim.o [1]
htim16                  0x20000d6c   0x40  Data  Gb  tim.o [1]
htim3                   0x20000cec   0x40  Data  Gb  tim.o [1]
ifftFlag                0x20000400    0x4  Data  Gb  fft.o [1]
main                    0x08003f21   0x98  Code  Gb  main.o [1]
maxValue                0x2000040c    0x2  Data  Gb  fft.o [1]
pFlash                  0x20000db0   0x20  Data  Gb  stm32f0xx_hal_flash.o [1]
twiddleCoef_1024_q15    0x08000bf0  0xc00  Data  Gb  arm_common_tables.o [4]
twiddleCoef_128_q15     0x08000170  0x180  Data  Gb  arm_common_tables.o [4]
twiddleCoef_256_q15     0x080002f0  0x300  Data  Gb  arm_common_tables.o [4]
twiddleCoef_512_q15     0x080005f0  0x600  Data  Gb  arm_common_tables.o [4]
twiddleCoef_64_q15      0x080000b0   0xc0  Data  Gb  arm_common_tables.o [4]
uwTick                  0x20000df0    0x4  Data  Gb  stm32f0xx_hal.o [1]


[1] = C:\Users\roberto pieruci\Documents\Projects\ALRONBTIS\DTMF\STM32F030F4\EWARM\DTMF\Obj
[2] = command line
[3] = dl6M_tlf.a
[4] = iar_cortexM0l_math.a
[5] = m6M_tl.a
[6] = rt6M_tl.a
[7] = shb_l.a

  14 222 bytes of readonly  code memory
   9 862 bytes of readonly  data memory
   3 574 bytes of readwrite data memory

Errors: none
Warnings: none
